../Core/Src/bno055_test.c:185:2:__io_putchar	16	static
../Core/Src/bno055_test.c:190:7:BNO055_Delay	16	static
../Core/Src/bno055_test.c:201:6:main	72	static
../Core/Src/bno055_test.c:402:7:SystemClock_Config	88	static
../Core/Src/bno055_test.c:450:14:MX_I2C1_Init	8	static
../Core/Src/bno055_test.c:484:14:MX_I2C2_Init	8	static
../Core/Src/bno055_test.c:518:14:MX_TIM3_Init	32	static
../Core/Src/bno055_test.c:563:14:MX_USART2_UART_Init	8	static
../Core/Src/bno055_test.c:596:14:MX_WWDG_Init	8	static
../Core/Src/bno055_test.c:624:14:MX_DMA_Init	16	static
../Core/Src/bno055_test.c:648:14:MX_GPIO_Init	48	static
../Core/Src/bno055_test.c:695:5:bno055_read_reg	16	static
../Core/Src/bno055_test.c:701:5:BNO055_I2C_bus_read	40	static
../Core/Src/bno055_test.c:723:5:BNO055_I2C_bus_write	40	static
../Core/Src/bno055_test.c:742:7:I2C_Scan_And_Assign	8	static
../Core/Src/bno055_test.c:775:12:detect_gait_phase	24	static
../Core/Src/bno055_test.c:887:15:BNO055_Init_Sensor	32	static
../Core/Src/bno055_test.c:937:7:BNO055_Init_Dual	16	static
../Core/Src/bno055_test.c:982:5:read_calibration_status	24	static
../Core/Src/bno055_test.c:1001:7:is_sensor_calibrated	16	static
../Core/Src/bno055_test.c:1008:7:Read_Dual_Calibration	8	static
../Core/Src/bno055_test.c:1027:7:print_calibration_status	24	static
../Core/Src/bno055_test.c:1042:5:read_euler_angles_safe	32	static
../Core/Src/bno055_test.c:1064:8:normalize_angle	16	static
../Core/Src/bno055_test.c:1071:7:Read_Dual_Orientation	40	static
../Core/Src/bno055_test.c:1130:7:calculate_knee_kinematics	88	static
../Core/Src/bno055_test.c:1203:7:handle_sensor_error	24	static
../Core/Src/bno055_test.c:1228:7:system_health_check	16	static
../Core/Src/bno055_test.c:1266:7:validate_sensor_data	16	static
../Core/Src/bno055_test.c:1275:7:HAL_GPIO_EXTI_Callback	16	static
../Core/Src/bno055_test.c:1284:7:HAL_TIM_PeriodElapsedCallback	16	static
../Core/Src/bno055_test.c:1292:7:HAL_WWDG_EarlyWakeupCallback	16	static
../Core/Src/bno055_test.c:1304:7:Error_Handler	8	static,ignoring_inline_asm
