../Core/Src/bno055_test.c:145:2:__io_putchar	16	static
../Core/Src/bno055_test.c:150:7:BNO055_Delay	16	static
../Core/Src/bno055_test.c:161:6:main	24	static
../Core/Src/bno055_test.c:320:7:SystemClock_Config	88	static
../Core/Src/bno055_test.c:368:14:MX_I2C1_Init	8	static
../Core/Src/bno055_test.c:402:14:MX_I2C2_Init	8	static
../Core/Src/bno055_test.c:436:14:MX_TIM3_Init	32	static
../Core/Src/bno055_test.c:481:14:MX_USART2_UART_Init	8	static
../Core/Src/bno055_test.c:514:14:MX_WWDG_Init	8	static
../Core/Src/bno055_test.c:542:14:MX_DMA_Init	16	static
../Core/Src/bno055_test.c:566:14:MX_GPIO_Init	48	static
../Core/Src/bno055_test.c:613:5:BNO055_I2C_bus_read	40	static
../Core/Src/bno055_test.c:628:5:BNO055_I2C_bus_write	40	static
../Core/Src/bno055_test.c:647:7:I2C_Scan_And_Assign	16	static
../Core/Src/bno055_test.c:686:15:BNO055_Init_Sensor	16	static
../Core/Src/bno055_test.c:714:7:BNO055_Init_Dual	16	static
../Core/Src/bno055_test.c:753:5:read_calibration_status	24	static
../Core/Src/bno055_test.c:771:7:is_sensor_calibrated	16	static
../Core/Src/bno055_test.c:778:7:Read_Dual_Calibration	8	static
../Core/Src/bno055_test.c:797:7:print_calibration_status	24	static
../Core/Src/bno055_test.c:811:5:read_euler_angles_safe	32	static
../Core/Src/bno055_test.c:833:8:normalize_angle	16	static
../Core/Src/bno055_test.c:840:7:Read_Dual_Orientation	40	static
../Core/Src/bno055_test.c:896:7:calculate_knee_kinematics	72	static
../Core/Src/bno055_test.c:941:7:handle_sensor_error	16	static
../Core/Src/bno055_test.c:948:7:system_health_check	16	static
../Core/Src/bno055_test.c:974:7:validate_sensor_data	16	static
../Core/Src/bno055_test.c:983:7:HAL_GPIO_EXTI_Callback	16	static
../Core/Src/bno055_test.c:992:7:HAL_TIM_PeriodElapsedCallback	16	static
../Core/Src/bno055_test.c:1001:7:HAL_WWDG_EarlyWakeupCallback	16	static
../Core/Src/bno055_test.c:1012:7:Error_Handler	8	static,ignoring_inline_asm
