../Core/Src/bno055_test.c:181:2:__io_putchar	16	static
../Core/Src/bno055_test.c:186:7:BNO055_Delay	16	static
../Core/Src/bno055_test.c:197:6:main	72	static
../Core/Src/bno055_test.c:409:7:SystemClock_Config	88	static
../Core/Src/bno055_test.c:457:14:MX_I2C1_Init	8	static
../Core/Src/bno055_test.c:491:14:MX_I2C2_Init	8	static
../Core/Src/bno055_test.c:525:14:MX_TIM3_Init	32	static
../Core/Src/bno055_test.c:570:14:MX_USART2_UART_Init	8	static
../Core/Src/bno055_test.c:603:14:MX_WWDG_Init	8	static
../Core/Src/bno055_test.c:631:14:MX_DMA_Init	16	static
../Core/Src/bno055_test.c:655:14:MX_GPIO_Init	48	static
../Core/Src/bno055_test.c:700:5:bno055_read_reg	16	static
../Core/Src/bno055_test.c:706:5:BNO055_I2C_bus_read	40	static
../Core/Src/bno055_test.c:728:5:BNO055_I2C_bus_write	40	static
../Core/Src/bno055_test.c:747:7:I2C_Scan_And_Assign	8	static
../Core/Src/bno055_test.c:780:12:detect_gait_phase	24	static
../Core/Src/bno055_test.c:907:15:BNO055_Init_Sensor	32	static
../Core/Src/bno055_test.c:983:7:BNO055_Init_Dual	16	static
../Core/Src/bno055_test.c:1028:5:read_calibration_status	24	static
../Core/Src/bno055_test.c:1047:7:is_sensor_calibrated	16	static
../Core/Src/bno055_test.c:1054:7:Read_Dual_Calibration	8	static
../Core/Src/bno055_test.c:1073:7:print_calibration_status	24	static
../Core/Src/bno055_test.c:1088:5:read_euler_angles_safe	32	static
../Core/Src/bno055_test.c:1110:8:normalize_angle	16	static
../Core/Src/bno055_test.c:1117:7:Read_Dual_Orientation	40	static
../Core/Src/bno055_test.c:1176:7:calculate_knee_kinematics	88	static
../Core/Src/bno055_test.c:1254:7:handle_sensor_error	24	static
../Core/Src/bno055_test.c:1279:7:system_health_check	16	static
../Core/Src/bno055_test.c:1317:7:validate_sensor_data	16	static
../Core/Src/bno055_test.c:1326:7:HAL_GPIO_EXTI_Callback	16	static
../Core/Src/bno055_test.c:1335:7:HAL_TIM_PeriodElapsedCallback	16	static
../Core/Src/bno055_test.c:1343:7:HAL_WWDG_EarlyWakeupCallback	16	static
../Core/Src/bno055_test.c:1355:7:Error_Handler	8	static,ignoring_inline_asm
