../Core/Src/bno055_test.c:145:2:__io_putchar	1
../Core/Src/bno055_test.c:150:7:BNO055_Delay	1
../Core/Src/bno055_test.c:161:6:main	10
../Core/Src/bno055_test.c:320:7:SystemClock_Config	3
../Core/Src/bno055_test.c:368:14:MX_I2C1_Init	2
../Core/Src/bno055_test.c:402:14:MX_I2C2_Init	2
../Core/Src/bno055_test.c:436:14:MX_TIM3_Init	4
../Core/Src/bno055_test.c:481:14:MX_USART2_UART_Init	2
../Core/Src/bno055_test.c:514:14:MX_WWDG_Init	2
../Core/Src/bno055_test.c:542:14:MX_DMA_Init	1
../Core/Src/bno055_test.c:566:14:MX_GPIO_Init	1
../Core/Src/bno055_test.c:613:5:BNO055_I2C_bus_read	4
../Core/Src/bno055_test.c:628:5:BNO055_I2C_bus_write	4
../Core/Src/bno055_test.c:647:7:I2C_Scan_And_Assign	5
../Core/Src/bno055_test.c:686:15:BNO055_Init_Sensor	3
../Core/Src/bno055_test.c:714:7:BNO055_Init_Dual	5
../Core/Src/bno055_test.c:753:5:read_calibration_status	2
../Core/Src/bno055_test.c:771:7:is_sensor_calibrated	3
../Core/Src/bno055_test.c:778:7:Read_Dual_Calibration	5
../Core/Src/bno055_test.c:797:7:print_calibration_status	3
../Core/Src/bno055_test.c:811:5:read_euler_angles_safe	2
../Core/Src/bno055_test.c:833:8:normalize_angle	3
../Core/Src/bno055_test.c:840:7:Read_Dual_Orientation	7
../Core/Src/bno055_test.c:896:7:calculate_knee_kinematics	8
../Core/Src/bno055_test.c:941:7:handle_sensor_error	1
../Core/Src/bno055_test.c:948:7:system_health_check	7
../Core/Src/bno055_test.c:974:7:validate_sensor_data	7
../Core/Src/bno055_test.c:983:7:HAL_GPIO_EXTI_Callback	2
../Core/Src/bno055_test.c:992:7:HAL_TIM_PeriodElapsedCallback	1
../Core/Src/bno055_test.c:1001:7:HAL_WWDG_EarlyWakeupCallback	1
../Core/Src/bno055_test.c:1012:7:Error_Handler	1
