../Core/Src/bno055_test.c:231:2:__io_putchar	1
../Core/Src/bno055_test.c:236:7:BNO055_Delay	1
../Core/Src/bno055_test.c:247:6:main	14
../Core/Src/bno055_test.c:475:7:SystemClock_Config	3
../Core/Src/bno055_test.c:524:14:MX_ADC1_Init	3
../Core/Src/bno055_test.c:579:14:MX_I2C1_Init	2
../Core/Src/bno055_test.c:613:14:MX_I2C2_Init	2
../Core/Src/bno055_test.c:695:14:MX_TIM3_Init	4
../Core/Src/bno055_test.c:740:14:MX_USART2_UART_Init	2
../Core/Src/bno055_test.c:773:14:MX_WWDG_Init	2
../Core/Src/bno055_test.c:801:14:MX_DMA_Init	1
../Core/Src/bno055_test.c:825:14:MX_GPIO_Init	1
../Core/Src/bno055_test.c:875:11:Read_ADC_CurrentRaw	1
../Core/Src/bno055_test.c:883:8:Convert_ADC_To_Current	1
../Core/Src/bno055_test.c:895:8:handle_motor_for_gait_phase	11
../Core/Src/bno055_test.c:957:5:bno055_read_reg	1
../Core/Src/bno055_test.c:963:5:BNO055_I2C_bus_read	4
../Core/Src/bno055_test.c:985:5:BNO055_I2C_bus_write	4
../Core/Src/bno055_test.c:1004:7:I2C_Scan_And_Assign	3
../Core/Src/bno055_test.c:1037:12:detect_gait_phase	35
../Core/Src/bno055_test.c:1164:15:BNO055_Init_Sensor	9
../Core/Src/bno055_test.c:1240:7:BNO055_Init_Dual	6
../Core/Src/bno055_test.c:1285:5:read_calibration_status	2
../Core/Src/bno055_test.c:1304:7:is_sensor_calibrated	3
../Core/Src/bno055_test.c:1311:7:Read_Dual_Calibration	5
../Core/Src/bno055_test.c:1330:7:print_calibration_status	3
../Core/Src/bno055_test.c:1345:5:read_euler_angles_safe	2
../Core/Src/bno055_test.c:1367:8:normalize_angle	3
../Core/Src/bno055_test.c:1374:7:Read_Dual_Orientation	10
../Core/Src/bno055_test.c:1433:7:calculate_knee_kinematics	11
../Core/Src/bno055_test.c:1511:7:handle_sensor_error	3
../Core/Src/bno055_test.c:1536:7:system_health_check	11
../Core/Src/bno055_test.c:1574:7:validate_sensor_data	7
../Core/Src/bno055_test.c:1583:7:HAL_GPIO_EXTI_Callback	2
../Core/Src/bno055_test.c:1592:7:HAL_TIM_PeriodElapsedCallback	2
../Core/Src/bno055_test.c:1613:7:HAL_WWDG_EarlyWakeupCallback	1
../Core/Src/bno055_test.c:1619:7:Motor_Enable	1
../Core/Src/bno055_test.c:1624:8:Motor_Disable	1
../Core/Src/bno055_test.c:1629:8:Motor_Direction_CW	1
../Core/Src/bno055_test.c:1635:8:Motor_Direction_CWCCW	2
../Core/Src/bno055_test.c:1653:8:Motor_Direction_CCW	1
../Core/Src/bno055_test.c:1660:8:Motor_OneStep	2
../Core/Src/bno055_test.c:1683:8:Motor_ContinousStep	3
../Core/Src/bno055_test.c:1710:8:Motor_ContinousStepWDelay	1
../Core/Src/bno055_test.c:1721:9:clamp	3
../Core/Src/bno055_test.c:1728:8:DWT_Init	1
../Core/Src/bno055_test.c:1737:8:delay_us	2
../Core/Src/bno055_test.c:1750:7:Error_Handler	1
