19:44:39 **** Incremental Build of configuration Debug for project sensorthigh ****
make -j16 all 
arm-none-eabi-gcc "../Core/Src/main.c" -mcpu=cortex-m4 -std=gnu11 -g3 -DDEBUG -DUSE_HAL_DRIVER -DSTM32F446xx -c -I../Core/Inc -I../Drivers/STM32F4xx_HAL_Driver/Inc -I../Drivers/STM32F4xx_HAL_Driver/Inc/Legacy -I../Drivers/CMSIS/Device/ST/STM32F4xx/Include -I../Drivers/CMSIS/Include -I"C:/Users/Arwar/Orthosynxwork/sensorthigh/Drivers/bno055_stm32-master" -O0 -ffunction-sections -fdata-sections -Wall -fstack-usage -fcyclomatic-complexity -MMD -MP -MF"Core/Src/main.d" -MT"Core/Src/main.o" --specs=nano.specs -mfpu=fpv4-sp-d16 -mfloat-abi=hard -mthumb -o "Core/Src/main.o"
arm-none-eabi-gcc -o "sensorthigh.elf" @"objects.list"   -mcpu=cortex-m4 -T"C:\Users\Arwar\Orthosynxwork\sensorthigh\STM32F446RETX_FLASH.ld" --specs=nosys.specs -Wl,-Map="sensorthigh.map" -Wl,--gc-sections -static --specs=nano.specs -mfpu=fpv4-sp-d16 -mfloat-abi=hard -mthumb -u _printf_float -u _scanf_float -Wl,--start-group -lc -lm -Wl,--end-group
Finished building target: sensorthigh.elf
 
arm-none-eabi-size  sensorthigh.elf 
arm-none-eabi-objdump -h -S sensorthigh.elf  > "sensorthigh.list"
   text	   data	    bss	    dec	    hex	filename
  41852	    468	   2252	  44572	   ae1c	sensorthigh.elf
Finished building: default.size.stdout
 
Finished building: sensorthigh.list
 

19:44:40 Build Finished. 0 errors, 0 warnings. (took 1s.354ms)

